test
this is first modification
this is second modification

this is in new branch
